---
steps:
- key: execute-38b94beadd5dd409695a3453e7887d68b07bb632
  prompt: Execute step 38b94beadd5dd409695a3453e7887d68b07bb632?
  input: execute-38b94beadd5dd409695a3453e7887d68b07bb632
- commands:
  - echo "Manual triggers for Sonar are awesome!"
  depends_on:
  - execute-38b94beadd5dd409695a3453e7887d68b07bb632
  label: Script step
