---
steps:
- commands:
  - cd ~/project
  - "# No need for checkout, the agent takes care of that"
  - mvn clean install
  - mvn test
  - mvn package
  plugins:
  - docker#v5.10.0:
      image: circleci/openjdk:11-jdk-buster
  agents:
    executor_type: docker
  key: build
