---
steps:
- commands:
  - echo "This script runs on all branches that don't have any specific pipeline assigned
    in 'branches'."
  plugins:
  - docker#v5.10.0:
      image: node:lts
  label: Script step
- commands:
  - echo "This script runs only on commit to the main branch."
  plugins:
  - docker#v5.10.0:
      image: node:lts
  label: Script step
  if: build.branch =~ /main/
- commands:
  - echo "This script runs only on commit to branches with names that match the feature/*
    pattern."
  plugins:
  - docker#v5.10.0:
      image: openjdk:8
  label: Script step
  if: build.branch =~ /feature\/*/
