---
steps:
- commands:
  - python deploy.py prod_env_1
  - "# `deployments` has no direct translation."
  label: Deploy to production
