---
steps:
- group: default
  steps:
  - commands:
    - echo 'no configuration'
    - "# The availability of docker in steps depend on the agent configuration"
    agents:
      size: 8x
    label: no conf
    timeout_in_minutes: 50
  - wait
  - commands:
    - echo 'override max-time'
    - "# The availability of docker in steps depend on the agent configuration"
    agents:
      size: 8x
    label: with time
    timeout_in_minutes: 100
  - wait
  - commands:
    - echo 'override size'
    - "# The availability of docker in steps depend on the agent configuration"
    agents:
      size: 1x
    label: with size
    timeout_in_minutes: 50
