---
steps:
- group: default
  steps:
  - commands:
    - echo 'basic auth'
    plugins:
    - docker#v5.10.0:
        image: bash:latest
    - docker-login#v3.0.0:
        username: test-user
        password-env: ENV_VAR
    label: basic auth
  - wait
  - commands:
    - echo 'from ecr key'
    - "# use AWS_ACCESS_KEY and AWS_SECRET_ACCESS_KEY variables for authentication"
    plugins:
    - docker#v5.10.0:
        image: ACCT.dkr.ecr.REGION.domain
    - ecr#v2.7.0:
        login: true
        account-ids: ACCT
        region: REGION
    label: ecr key auth
  - wait
  - commands:
    - echo 'aws odic'
    plugins:
    - docker#v5.10.0:
        image: ACCT.dkr.ecr.REGION.domain
    - ecr#v2.7.0:
        login: true
        account-ids: ACCT
        region: REGION
        assume-role:
          role-arn: ROLE_ARN
    label: ecr oidc auth
